// Jest Snapshot v1, https://goo.gl/fbAQLP

exports[`renders correctly 1`] = `
<div
  className="card mb-3"
>
  <div
    className="row g-0"
  >
    <div
      className="col-md-4"
    >
      <img
        className="bd-placeholder-img img-fluid rounded-start"
        height="262"
        width="100%"
      />
    </div>
    <div
      className="col-md-8"
    >
      <div
        className="card-body"
      >
        <h5
          className="card-title"
        />
        <p
          className="card-text"
        />
        <button
          className="btn btn-primary"
          onClick={[Function]}
          type="button"
        >
          Reserve Dragon
        </button>
      </div>
    </div>
  </div>
</div>
`;
