// Jest Snapshot v1, https://goo.gl/fbAQLP

exports[`renders correctly 1`] = `
<div
  className="profile-section"
>
  <div
    className="container row col-6"
  >
    <h3>
      My Rockets
    </h3>
    <ul
      className="list-group"
    >
      <li
        className="list-group-item"
      >
        No Reserved Rockets
      </li>
    </ul>
  </div>
  <div
    className="container row col-6"
  >
    <h3>
      My Dragons
    </h3>
    <ul
      className="list-group"
    >
      <li
        className="list-group-item"
      >
        No Reserved Dragons
      </li>
    </ul>
  </div>
  <div
    className="container row col-6"
  >
    <h3>
      My Missions
    </h3>
    <ul
      className="list-group"
    >
      <li
        className="list-group-item"
      >
        No Missions Joined
      </li>
    </ul>
  </div>
</div>
`;
